# minimal

audacious

beautyline
bind
bitwarden
blackarch-keyring
blackarch-menus
blackarch-mirrorlist
blueman
bluetooth-autoconnect
bluetooth-support
brave-bin
clipman
copyq
dbeaver-plugin-apache-poi
dbeaver-plugin-batik
dbeaver-plugin-office
dbeaver-plugin-svg-format
deluge-gtk
docker
docker-compose
drawio-desktop
easytag
gcc-libs
grep
htop
hy3-git
hyprlock
inetutils
inkscape
input-devices-support
insomnia
intel-ucode
inxi
iproute2
iptables-nft
iputils
kitty
lazydocker
lazygit
mesa-utils
meld
neovim
net-tools
network-manager-applet
ntfs-3g
nwg-dock-hyprland
nwg-drawer
nwg-launchers
nwg-look
os-prober-btrfs
otf-font-awesome
otf-font-awesome-4
p7zip
rbenv
rocketchat-desktop
rsync
samba-support
scanner-support
shotcut
simple-scan
stow
wireless-regdb
wireless_tools
tar
telegram-desktop
terminus-font
ttf-firacode-nerd
vivaldi
vivaldi-ffmpeg-codecs
vlc
waybar
xorg-xwayland
yay
zapzap

# others
alacritty
alsa-firmware
appimagelauncher
appmenu-gtk-module
arj
audacity
b43-fwcutter
balena-etcher
base
base-devel
bash-completion
bridge-utils
btop
btrfs-assistant
btrfs-progs
bzip2
chaotic-keyring
chaotic-mirrorlist
cliphist
coreutils
cryptsetup
curlftpfs
dialog
displaylink
dmidecode
dmraid
dosfstools
downgrade
dracut
e2fsprogs
ecryptfs-utils
efibootmgr
eog
ethtool
evdi
evince
exfatprogs
f2fs-tools
fastfetch
fatresize
ffmpegthumbnailer
file
file-roller
filesystem
filezilla
findutils
firedragon
foot
freecad
freedownloadmanager
freetype2
fscrypt
fsearch
fwupd
galculator
garuda-assistant
garuda-blackarch
garuda-boot-options
garuda-browser-settings
garuda-common-settings
garuda-dracut-support
garuda-fish-config
garuda-gamer
garuda-hooks
garuda-hotfixes
garuda-hyprland-settings
garuda-icons
garuda-network-assistant
garuda-nvidia-prime-config
garuda-settings-manager
garuda-setup-assistant
garuda-system-maintenance
garuda-video-linux-config
garuda-wallpapers
garuda-welcome
garuda-zsh-config
gawk
geany
gestures
gettext
gimp
glibc
gnome-firmware
gnome-keyring
gnome-logs
gnome-system-monitor
gnome-tweaks
gnu-netcat
google-chrome-wayland-vulkan
gparted
grim
grimblast-git
grimshot
grub
grub-btrfs
grub-garuda
grub-theme-garuda
gsimplecal
gstreamer-meta
gtk-engine-murrine
gum
gvfs
gvfs-afc
gvfs-gphoto2
gvfs-mtp
gvfs-nfs
gvfs-smb
gzip
handbrake
jfsutils
jq
kanshi
kmahjongg
kvantum
lhasa
lib32-pipewire-jack
libdvdcss
libgsf
libmythes
libopenraw
libreoffice-fresh
librsvg
licenses
linux-firmware
linux-lts
linux-lts-headers
linux-zen
linux-zen-headers
logrotate
lrzip
lsb-release
lvm2
lzip
lzop
mako
man-db
man-pages
mc
mdadm
memtest86+
micro
modem-manager-gui
mtools
nano
neofetch-git
networkmanager-support
nfs-utils
nilfs-utils
nm-connection-editor
nmap
noto-fonts
noto-fonts-cjk
noto-fonts-emoji
nss-mdns
pace
pacman
pacman-contrib
pacseek
pamixer
paru
pavucontrol
pciutils
performance-tweaks
perl-file-mimeinfo
pipewire-jack
pipewire-support
plasma-framework5
plasma5-themes-sweet-full-git
playerctl
plocate
polkit-gnome
postgresql-libs
powertop
printer-support
procps-ng
psmisc
python-pyqt5-webengine
qt5ct
qt6ct
ranger
rate-mirrors
reflector-simple
reiserfsprogs
sdbus-cpp
sddm
sed
shadow
slurp
snapper-support
snapper-tools
sof-firmware
sshfs
sudo
swappy
swayidle
swaylock
swww
system-config-printer
systemd
systemd-sysvcompat
thunar
thunderbird
traceroute
ttf-dejavu
ttf-fantasque-sans-mono
ttf-fira-sans
ttf-jetbrains-mono
ttf-liberation
ttf-nerd-fonts-symbols-mono
ttf-opensans
ttf-ubuntu-font-family
ttf-wps-fonts
ufw
ugrep
unace
unarchiver
unarj
unrar
unzip
update-grub
usbutils
util-linux
vi
vial-appimage
virt-manager-meta
waybar-module-pacman-updates-git
wayland
wayland-protocols-git
wdisplays
wget
which
whois
wireplumber
wlr-randr-git
wlroots
wlsunset
wofi
wpaperd
wps-office
wps-office-mime
wqy-zenhei
wtype
xdg-desktop-portal
xdg-desktop-portal-hyprland
xdg-user-dirs
xdg-utils
xfce4-terminal
xfsprogs
xsel
xz
yay-debug
zip
zoom
